
C:\CopperSpice\Prg\PrabhupadaDictionary\Bat>set BUILD_DIR=C:/CopperSpice/Prg/PrabhupadaDictionary/Release/Build 

C:\CopperSpice\Prg\PrabhupadaDictionary\Bat>cd C:/CopperSpice/Prg/PrabhupadaDictionary/Release/Build 

C:\CopperSpice\Prg\PrabhupadaDictionary\Release\Build>cmake -G "Ninja" -DCMAKE_BUILD_TYPE=Release -DCMAKE_INSTALL_PREFIX="C:/CopperSpice/Prg/PrabhupadaDictionary/Release/Bin" -DCMAKE_PREFIX_PATH="C:/CopperSpice/Lib/Release/1.8.0/cmake/CopperSpice" C:/CopperSpice/Prg/PrabhupadaDictionary/Source 
-- Configuring done
-- Generating done
-- Build files have been written to: C:/CopperSpice/Prg/PrabhupadaDictionary/Release/Build

C:\CopperSpice\Prg\PrabhupadaDictionary\Release\Build>cd C:/CopperSpice/Prg/PrabhupadaDictionary/Release/Build 

C:\CopperSpice\Prg\PrabhupadaDictionary\Release\Build>ninja -v 
[1/4] cmd.exe /C "cd /D C:\CopperSpice\Prg\PrabhupadaDictionary\Release\Build\src && C:\CopperSpice\Lib\Release\1.8.0\bin\uic.exe C:/CopperSpice/Prg/PrabhupadaDictionary/Source/src/../forms/QPrabhupadaDictionaryWindow.ui -o C:/CopperSpice/Prg/PrabhupadaDictionary/Release/Build/src/ui_QPrabhupadaDictionaryWindow.h"
[2/4] C:\mingw64\bin\c++.exe -DBUILD_DATE=\"19/04/2023\" -DQT_NO_WEBKIT -DQT_OPENSSL -DQT_SSL -IC:/CopperSpice/Prg/PrabhupadaDictionary/Release/Build/src -IC:/CopperSpice/Prg/PrabhupadaDictionary/Source/src -isystem C:/CopperSpice/Lib/Release/1.8.0/include -isystem C:/CopperSpice/Lib/Release/1.8.0/include/QtCore -isystem C:/CopperSpice/Lib/Release/1.8.0/include/QtGui -isystem C:/CopperSpice/Lib/Release/1.8.0/include/QtNetwork -isystem C:/CopperSpice/Lib/Release/1.8.0/include/QtOpenGL -isystem C:/CopperSpice/Lib/Release/1.8.0/include/QtScript -isystem C:/CopperSpice/Lib/Release/1.8.0/include/QtSql -isystem C:/CopperSpice/Lib/Release/1.8.0/include/QtSvg -isystem C:/CopperSpice/Lib/Release/1.8.0/include/QtXml -isystem C:/CopperSpice/Lib/Release/1.8.0/include/QtXmlPatterns -isystem C:/CopperSpice/Lib/Release/1.8.0/include/QtMultimedia -O3 -DNDEBUG -Werror -Wall -Wextra -Wpedantic -std=gnu++17 -MD -MT src/CMakeFiles/PrabhupadaDictionary.dir/PrabhupadaMain.cpp.obj -MF src\CMakeFiles\PrabhupadaDictionary.dir\PrabhupadaMain.cpp.obj.d -o src/CMakeFiles/PrabhupadaDictionary.dir/PrabhupadaMain.cpp.obj -c C:/CopperSpice/Prg/PrabhupadaDictionary/Source/src/PrabhupadaMain.cpp
[3/4] C:\mingw64\bin\c++.exe -DBUILD_DATE=\"19/04/2023\" -DQT_NO_WEBKIT -DQT_OPENSSL -DQT_SSL -IC:/CopperSpice/Prg/PrabhupadaDictionary/Release/Build/src -IC:/CopperSpice/Prg/PrabhupadaDictionary/Source/src -isystem C:/CopperSpice/Lib/Release/1.8.0/include -isystem C:/CopperSpice/Lib/Release/1.8.0/include/QtCore -isystem C:/CopperSpice/Lib/Release/1.8.0/include/QtGui -isystem C:/CopperSpice/Lib/Release/1.8.0/include/QtNetwork -isystem C:/CopperSpice/Lib/Release/1.8.0/include/QtOpenGL -isystem C:/CopperSpice/Lib/Release/1.8.0/include/QtScript -isystem C:/CopperSpice/Lib/Release/1.8.0/include/QtSql -isystem C:/CopperSpice/Lib/Release/1.8.0/include/QtSvg -isystem C:/CopperSpice/Lib/Release/1.8.0/include/QtXml -isystem C:/CopperSpice/Lib/Release/1.8.0/include/QtXmlPatterns -isystem C:/CopperSpice/Lib/Release/1.8.0/include/QtMultimedia -O3 -DNDEBUG -Werror -Wall -Wextra -Wpedantic -std=gnu++17 -MD -MT src/CMakeFiles/PrabhupadaDictionary.dir/QPrabhupadaDictionaryWindow.cpp.obj -MF src\CMakeFiles\PrabhupadaDictionary.dir\QPrabhupadaDictionaryWindow.cpp.obj.d -o src/CMakeFiles/PrabhupadaDictionary.dir/QPrabhupadaDictionaryWindow.cpp.obj -c C:/CopperSpice/Prg/PrabhupadaDictionary/Source/src/QPrabhupadaDictionaryWindow.cpp
[4/4] cmd.exe /C "cd . && C:\mingw64\bin\c++.exe -O3 -DNDEBUG -Wl,--no-undefined src/CMakeFiles/PrabhupadaDictionary.dir/PrabhupadaMain.cpp.obj src/CMakeFiles/PrabhupadaDictionary.dir/QPrabhupadaLoginWindow.cpp.obj src/CMakeFiles/PrabhupadaDictionary.dir/QPrabhupadaDictionaryWindow.cpp.obj src/CMakeFiles/PrabhupadaDictionary.dir/PrabhupadaUtil.cpp.obj src/CMakeFiles/PrabhupadaDictionary.dir/QPrabhupadaStorage.cpp.obj src/CMakeFiles/PrabhupadaDictionary.dir/QPrabhupadaDictionary.cpp.obj src/CMakeFiles/PrabhupadaDictionary.dir/QPrabhupadaGoToLineWindow.cpp.obj src/CMakeFiles/PrabhupadaDictionary.dir/QPrabhupadaAboutWindow.cpp.obj src/CMakeFiles/PrabhupadaDictionary.dir/qrc_PrabhupadaDictionary.cpp.obj -o bin\PrabhupadaDictionary.exe -Wl,--out-implib,src\libPrabhupadaDictionary.dll.a -Wl,--major-image-version,0,--minor-image-version,0  C:/CopperSpice/Lib/Release/1.8.0/lib/libCsScript1.8.dll.a  C:/CopperSpice/Lib/Release/1.8.0/lib/libCsSql1.8.dll.a  C:/CopperSpice/Lib/Release/1.8.0/lib/libCsSvg1.8.dll.a  C:/CopperSpice/Lib/Release/1.8.0/lib/libCsXml1.8.dll.a  C:/CopperSpice/Lib/Release/1.8.0/lib/libCsXmlPatterns1.8.dll.a  C:/CopperSpice/Lib/Release/1.8.0/lib/libCsMultimedia1.8.dll.a  -lnetapi32  -lmpr  -mwindows  C:/CopperSpice/Lib/Release/1.8.0/lib/libCsNetwork1.8.dll.a  C:/CopperSpice/Lib/Release/1.8.0/lib/libCsOpenGL1.8.dll.a  C:/CopperSpice/Lib/Release/1.8.0/lib/libCsGui1.8.dll.a  C:/CopperSpice/Lib/Release/1.8.0/lib/libCsCore1.8.dll.a  -lopengl32  -lgdi32  -lkernel32  -luser32  -lkernel32 -luser32 -lgdi32 -lwinspool -lshell32 -lole32 -loleaut32 -luuid -lcomdlg32 -ladvapi32 && cd ."

C:\CopperSpice\Prg\PrabhupadaDictionary\Release\Build>cd C:/CopperSpice/Prg/PrabhupadaDictionary/Release/Build 

C:\CopperSpice\Prg\PrabhupadaDictionary\Release\Build>ninja -v install 
-- Install configuration: "Release"
-- Up-to-date: C:/CopperSpice/Prg/PrabhupadaDictionary/Release/Bin/./libgcc_s_seh-1.dll
-- Up-to-date: C:/CopperSpice/Prg/PrabhupadaDictionary/Release/Bin/./libstdc++-6.dll
-- Up-to-date: C:/CopperSpice/Prg/PrabhupadaDictionary/Release/Bin/./libwinpthread-1.dll
-- Up-to-date: C:/CopperSpice/Prg/PrabhupadaDictionary/Release/Bin/.
-- Installing: C:/CopperSpice/Prg/PrabhupadaDictionary/Release/Bin/./PrabhupadaDictionary.exe
-- Up-to-date: C:/CopperSpice/Prg/PrabhupadaDictionary/Release/Bin/./resources/PrabhupadaDictionaryFiles/ShrilaPrabhupada.jpg
-- Installing: C:/CopperSpice/Prg/PrabhupadaDictionary/Release/Bin/./resources/PrabhupadaDictionaryFiles/Sanskrit.db
-- Up-to-date: C:/CopperSpice/Prg/PrabhupadaDictionary/Release/Bin/./resources/PrabhupadaDictionaryFiles/PrabhupadaLila.txt
-- Up-to-date: C:/CopperSpice/Prg/PrabhupadaDictionary/Release/Bin/./resources/PrabhupadaDictionaryFiles/PrabhupadaBukvary.txt
-- Up-to-date: C:/CopperSpice/Prg/PrabhupadaDictionary/Release/Bin/./resources/PrabhupadaDictionaryFiles/Letter.txt
-- Up-to-date: C:/CopperSpice/Prg/PrabhupadaDictionary/Release/Bin/./resources/PrabhupadaDictionaryFiles/Help.txt
-- Up-to-date: C:/CopperSpice/Prg/PrabhupadaDictionary/Release/Bin/./m_YazykVector.ini
-- Up-to-date: C:/CopperSpice/Prg/PrabhupadaDictionary/Release/Bin/./Start.bat
-- Up-to-date: C:/CopperSpice/Prg/PrabhupadaDictionary/Release/Bin/./resources/PrabhupadaDictionaryFiles/Fonts/gtb.ttf
-- Up-to-date: C:/CopperSpice/Prg/PrabhupadaDictionary/Release/Bin/./resources/PrabhupadaDictionaryFiles/Fonts/gti.ttf
-- Up-to-date: C:/CopperSpice/Prg/PrabhupadaDictionary/Release/Bin/./resources/PrabhupadaDictionaryFiles/Fonts/gtr.ttf
-- Up-to-date: C:/CopperSpice/Prg/PrabhupadaDictionary/Release/Bin/./resources/PrabhupadaDictionaryFiles/PrabhupadaDictionary_CS-CZ.qm
-- Up-to-date: C:/CopperSpice/Prg/PrabhupadaDictionary/Release/Bin/./resources/PrabhupadaDictionaryFiles/PrabhupadaDictionary_EN-US.qm
-- Up-to-date: C:/CopperSpice/Prg/PrabhupadaDictionary/Release/Bin/./resources/PrabhupadaDictionaryFiles/PrabhupadaDictionary_ES-ES.qm
-- Up-to-date: C:/CopperSpice/Prg/PrabhupadaDictionary/Release/Bin/./resources/PrabhupadaDictionaryFiles/PrabhupadaDictionary_PT-BR.qm
-- Up-to-date: C:/CopperSpice/Prg/PrabhupadaDictionary/Release/Bin/./resources/PrabhupadaDictionaryFiles/PrabhupadaDictionary_RU-RU.qm
-- Up-to-date: C:/CopperSpice/Prg/PrabhupadaDictionary/Release/Bin/./libCsCore1.8.dll
-- Up-to-date: C:/CopperSpice/Prg/PrabhupadaDictionary/Release/Bin/./libCsGui1.8.dll
-- Up-to-date: C:/CopperSpice/Prg/PrabhupadaDictionary/Release/Bin/./libCsNetwork1.8.dll
-- Up-to-date: C:/CopperSpice/Prg/PrabhupadaDictionary/Release/Bin/./libCsOpenGL1.8.dll
-- Up-to-date: C:/CopperSpice/Prg/PrabhupadaDictionary/Release/Bin/./libCsScript1.8.dll
-- Up-to-date: C:/CopperSpice/Prg/PrabhupadaDictionary/Release/Bin/./libCsSql1.8.dll
-- Up-to-date: C:/CopperSpice/Prg/PrabhupadaDictionary/Release/Bin/./libCsSvg1.8.dll
-- Up-to-date: C:/CopperSpice/Prg/PrabhupadaDictionary/Release/Bin/./libCsXml1.8.dll
-- Up-to-date: C:/CopperSpice/Prg/PrabhupadaDictionary/Release/Bin/./libCsXmlPatterns1.8.dll
-- Up-to-date: C:/CopperSpice/Prg/PrabhupadaDictionary/Release/Bin/./libCsMultimedia1.8.dll
-- Up-to-date: C:/CopperSpice/Prg/PrabhupadaDictionary/Release/Bin/./platforms/CsGuiWin1.8.dll
-- Up-to-date: C:/CopperSpice/Prg/PrabhupadaDictionary/Release/Bin/./mediaservices/CsMultimedia_DirectShow1.8.dll
-- Up-to-date: C:/CopperSpice/Prg/PrabhupadaDictionary/Release/Bin/./playlistformats/CsMultimedia_m3u1.8.dll
-- Up-to-date: C:/CopperSpice/Prg/PrabhupadaDictionary/Release/Bin/./sqldrivers/CsSqlPsql1.8.dll
-- Up-to-date: C:/CopperSpice/Prg/PrabhupadaDictionary/Release/Bin/./resources/PrabhupadaDictionary.ico
[0/1] cmd.exe /C "cd /D C:\CopperSpice\Prg\PrabhupadaDictionary\Release\Build && C:\CMake\bin\cmake.exe -P cmake_install.cmake"
