
C:\CopperSpice\Prg\PrabhupadaDictionary\Bat>set BUILD_DIR=C:/CopperSpice/Prg/PrabhupadaDictionary/Release/Build 

C:\CopperSpice\Prg\PrabhupadaDictionary\Bat>cd C:/CopperSpice/Prg/PrabhupadaDictionary/Release/Build 

C:\CopperSpice\Prg\PrabhupadaDictionary\Release\Build>cmake -G "Ninja" -DCMAKE_BUILD_TYPE=Release -DCMAKE_INSTALL_PREFIX="C:/CopperSpice/Prg/PrabhupadaDictionary/Release/Bin" -DCMAKE_PREFIX_PATH="C:/CopperSpice/Lib/Release/1.8.0/cmake/CopperSpice" C:/CopperSpice/Prg/PrabhupadaDictionary/Source 
-- The C compiler identification is GNU 12.2.0
-- The CXX compiler identification is GNU 12.2.0
-- Detecting C compiler ABI info
-- Detecting C compiler ABI info - done
-- Check for working C compiler: C:/mingw64/bin/gcc.exe - skipped
-- Detecting C compile features
-- Detecting C compile features - done
-- Detecting CXX compiler ABI info
-- Detecting CXX compiler ABI info - done
-- Check for working CXX compiler: C:/mingw64/bin/c++.exe - skipped
-- Detecting CXX compile features
-- Detecting CXX compile features - done
-- Configuring done
-- Generating done
-- Build files have been written to: C:/CopperSpice/Prg/PrabhupadaDictionary/Release/Build

C:\CopperSpice\Prg\PrabhupadaDictionary\Release\Build>cd C:/CopperSpice/Prg/PrabhupadaDictionary/Release/Build 

C:\CopperSpice\Prg\PrabhupadaDictionary\Release\Build>ninja -v 
[1/20] cmd.exe /C "cd /D C:\CopperSpice\Prg\PrabhupadaDictionary\Release\Build\src && C:\CopperSpice\Lib\Release\1.8.0\bin\uic.exe C:/CopperSpice/Prg/PrabhupadaDictionary/Source/src/../forms/QPrabhupadaDictionaryWindow.ui -o C:/CopperSpice/Prg/PrabhupadaDictionary/Release/Build/src/ui_QPrabhupadaDictionaryWindow.h"
[2/20] cmd.exe /C "cd /D C:\CopperSpice\Prg\PrabhupadaDictionary\Release\Build\src && C:\CopperSpice\Lib\Release\1.8.0\bin\uic.exe C:/CopperSpice/Prg/PrabhupadaDictionary/Source/src/../forms/QPrabhupadaGoToLineWindow.ui -o C:/CopperSpice/Prg/PrabhupadaDictionary/Release/Build/src/ui_QPrabhupadaGoToLineWindow.h"
[3/20] cmd.exe /C "cd /D C:\CopperSpice\Prg\PrabhupadaDictionary\Release\Build\src && C:\CopperSpice\Lib\Release\1.8.0\bin\uic.exe C:/CopperSpice/Prg/PrabhupadaDictionary/Source/src/../forms/QPrabhupadaLoginWindow.ui -o C:/CopperSpice/Prg/PrabhupadaDictionary/Release/Build/src/ui_QPrabhupadaLoginWindow.h"
[4/20] cmd.exe /C "cd /D C:\CopperSpice\Prg\PrabhupadaDictionary\Release\Build\src && C:\CopperSpice\Lib\Release\1.8.0\bin\uic.exe C:/CopperSpice/Prg/PrabhupadaDictionary/Source/src/../forms/QPrabhupadaAboutWindow.ui -o C:/CopperSpice/Prg/PrabhupadaDictionary/Release/Build/src/ui_QPrabhupadaAboutWindow.h"
[5/20] cmd.exe /C "cd /D C:\CopperSpice\Prg\PrabhupadaDictionary\Release\Build\src && C:\CopperSpice\Lib\Release\1.8.0\bin\lrelease.exe C:/CopperSpice/Prg/PrabhupadaDictionary/Source/src/../resources/PrabhupadaDictionary_EN-US.ts -qm C:/CopperSpice/Prg/PrabhupadaDictionary/Source/src/../resources/PrabhupadaDictionary_EN-US.qm"
Updating 'C:/CopperSpice/Prg/PrabhupadaDictionary/Source/src/../resources/PrabhupadaDictionary_EN-US.qm'...
    Generated 67 translation(s) (0 finished and 67 unfinished)
    Ignored 34 untranslated source text(s)
[6/20] cmd.exe /C "cd /D C:\CopperSpice\Prg\PrabhupadaDictionary\Release\Build\src && C:\CopperSpice\Lib\Release\1.8.0\bin\lrelease.exe C:/CopperSpice/Prg/PrabhupadaDictionary/Source/src/../resources/PrabhupadaDictionary_ES-ES.ts -qm C:/CopperSpice/Prg/PrabhupadaDictionary/Source/src/../resources/PrabhupadaDictionary_ES-ES.qm"
Updating 'C:/CopperSpice/Prg/PrabhupadaDictionary/Source/src/../resources/PrabhupadaDictionary_ES-ES.qm'...
    Generated 67 translation(s) (0 finished and 67 unfinished)
    Ignored 34 untranslated source text(s)
[7/20] cmd.exe /C "cd /D C:\CopperSpice\Prg\PrabhupadaDictionary\Release\Build\src && C:\CopperSpice\Lib\Release\1.8.0\bin\lrelease.exe C:/CopperSpice/Prg/PrabhupadaDictionary/Source/src/../resources/PrabhupadaDictionary_PT-BR.ts -qm C:/CopperSpice/Prg/PrabhupadaDictionary/Source/src/../resources/PrabhupadaDictionary_PT-BR.qm"
Updating 'C:/CopperSpice/Prg/PrabhupadaDictionary/Source/src/../resources/PrabhupadaDictionary_PT-BR.qm'...
    Generated 67 translation(s) (0 finished and 67 unfinished)
    Ignored 34 untranslated source text(s)
[8/20] cmd.exe /C "cd /D C:\CopperSpice\Prg\PrabhupadaDictionary\Release\Build\src && C:\CopperSpice\Lib\Release\1.8.0\bin\lrelease.exe C:/CopperSpice/Prg/PrabhupadaDictionary/Source/src/../resources/PrabhupadaDictionary_CS-CZ.ts -qm C:/CopperSpice/Prg/PrabhupadaDictionary/Source/src/../resources/PrabhupadaDictionary_CS-CZ.qm"
Updating 'C:/CopperSpice/Prg/PrabhupadaDictionary/Source/src/../resources/PrabhupadaDictionary_CS-CZ.qm'...
    Generated 67 translation(s) (0 finished and 67 unfinished)
    Ignored 34 untranslated source text(s)
[9/20] cmd.exe /C "cd /D C:\CopperSpice\Prg\PrabhupadaDictionary\Release\Build\src && C:\CopperSpice\Lib\Release\1.8.0\bin\lrelease.exe C:/CopperSpice/Prg/PrabhupadaDictionary/Source/src/../resources/PrabhupadaDictionary_RU-RU.ts -qm C:/CopperSpice/Prg/PrabhupadaDictionary/Source/src/../resources/PrabhupadaDictionary_RU-RU.qm"
Updating 'C:/CopperSpice/Prg/PrabhupadaDictionary/Source/src/../resources/PrabhupadaDictionary_RU-RU.qm'...
    Generated 101 translation(s) (101 finished and 0 unfinished)
[10/20] cmd.exe /C "cd /D C:\CopperSpice\Prg\PrabhupadaDictionary\Release\Build\src && C:\CopperSpice\Lib\Release\1.8.0\bin\rcc.exe C:/CopperSpice/Prg/PrabhupadaDictionary/Source/src/../PrabhupadaDictionary.qrc -o C:/CopperSpice/Prg/PrabhupadaDictionary/Release/Build/src/qrc_PrabhupadaDictionary.cpp -name PrabhupadaDictionary"
[11/20] C:\mingw64\bin\c++.exe -DBUILD_DATE=\"21/04/2023\" -DQT_NO_WEBKIT -DQT_OPENSSL -DQT_SSL -IC:/CopperSpice/Prg/PrabhupadaDictionary/Release/Build/src -IC:/CopperSpice/Prg/PrabhupadaDictionary/Source/src -isystem C:/CopperSpice/Lib/Release/1.8.0/include -isystem C:/CopperSpice/Lib/Release/1.8.0/include/QtCore -isystem C:/CopperSpice/Lib/Release/1.8.0/include/QtGui -isystem C:/CopperSpice/Lib/Release/1.8.0/include/QtNetwork -isystem C:/CopperSpice/Lib/Release/1.8.0/include/QtOpenGL -isystem C:/CopperSpice/Lib/Release/1.8.0/include/QtScript -isystem C:/CopperSpice/Lib/Release/1.8.0/include/QtSql -isystem C:/CopperSpice/Lib/Release/1.8.0/include/QtSvg -isystem C:/CopperSpice/Lib/Release/1.8.0/include/QtXml -isystem C:/CopperSpice/Lib/Release/1.8.0/include/QtXmlPatterns -isystem C:/CopperSpice/Lib/Release/1.8.0/include/QtMultimedia -O3 -DNDEBUG -Werror -Wall -Wextra -Wpedantic -std=gnu++17 -MD -MT src/CMakeFiles/PrabhupadaDictionary.dir/PrabhupadaUtil.cpp.obj -MF src\CMakeFiles\PrabhupadaDictionary.dir\PrabhupadaUtil.cpp.obj.d -o src/CMakeFiles/PrabhupadaDictionary.dir/PrabhupadaUtil.cpp.obj -c C:/CopperSpice/Prg/PrabhupadaDictionary/Source/src/PrabhupadaUtil.cpp
[12/20] C:\mingw64\bin\c++.exe -DBUILD_DATE=\"21/04/2023\" -DQT_NO_WEBKIT -DQT_OPENSSL -DQT_SSL -IC:/CopperSpice/Prg/PrabhupadaDictionary/Release/Build/src -IC:/CopperSpice/Prg/PrabhupadaDictionary/Source/src -isystem C:/CopperSpice/Lib/Release/1.8.0/include -isystem C:/CopperSpice/Lib/Release/1.8.0/include/QtCore -isystem C:/CopperSpice/Lib/Release/1.8.0/include/QtGui -isystem C:/CopperSpice/Lib/Release/1.8.0/include/QtNetwork -isystem C:/CopperSpice/Lib/Release/1.8.0/include/QtOpenGL -isystem C:/CopperSpice/Lib/Release/1.8.0/include/QtScript -isystem C:/CopperSpice/Lib/Release/1.8.0/include/QtSql -isystem C:/CopperSpice/Lib/Release/1.8.0/include/QtSvg -isystem C:/CopperSpice/Lib/Release/1.8.0/include/QtXml -isystem C:/CopperSpice/Lib/Release/1.8.0/include/QtXmlPatterns -isystem C:/CopperSpice/Lib/Release/1.8.0/include/QtMultimedia -O3 -DNDEBUG -Werror -Wall -Wextra -Wpedantic -std=gnu++17 -MD -MT src/CMakeFiles/PrabhupadaDictionary.dir/qrc_PrabhupadaDictionary.cpp.obj -MF src\CMakeFiles\PrabhupadaDictionary.dir\qrc_PrabhupadaDictionary.cpp.obj.d -o src/CMakeFiles/PrabhupadaDictionary.dir/qrc_PrabhupadaDictionary.cpp.obj -c C:/CopperSpice/Prg/PrabhupadaDictionary/Release/Build/src/qrc_PrabhupadaDictionary.cpp
[13/20] C:\mingw64\bin\c++.exe -DBUILD_DATE=\"21/04/2023\" -DQT_NO_WEBKIT -DQT_OPENSSL -DQT_SSL -IC:/CopperSpice/Prg/PrabhupadaDictionary/Release/Build/src -IC:/CopperSpice/Prg/PrabhupadaDictionary/Source/src -isystem C:/CopperSpice/Lib/Release/1.8.0/include -isystem C:/CopperSpice/Lib/Release/1.8.0/include/QtCore -isystem C:/CopperSpice/Lib/Release/1.8.0/include/QtGui -isystem C:/CopperSpice/Lib/Release/1.8.0/include/QtNetwork -isystem C:/CopperSpice/Lib/Release/1.8.0/include/QtOpenGL -isystem C:/CopperSpice/Lib/Release/1.8.0/include/QtScript -isystem C:/CopperSpice/Lib/Release/1.8.0/include/QtSql -isystem C:/CopperSpice/Lib/Release/1.8.0/include/QtSvg -isystem C:/CopperSpice/Lib/Release/1.8.0/include/QtXml -isystem C:/CopperSpice/Lib/Release/1.8.0/include/QtXmlPatterns -isystem C:/CopperSpice/Lib/Release/1.8.0/include/QtMultimedia -O3 -DNDEBUG -Werror -Wall -Wextra -Wpedantic -std=gnu++17 -MD -MT src/CMakeFiles/PrabhupadaDictionary.dir/QPrabhupadaDictionaryWindow.cpp.obj -MF src\CMakeFiles\PrabhupadaDictionary.dir\QPrabhupadaDictionaryWindow.cpp.obj.d -o src/CMakeFiles/PrabhupadaDictionary.dir/QPrabhupadaDictionaryWindow.cpp.obj -c C:/CopperSpice/Prg/PrabhupadaDictionary/Source/src/QPrabhupadaDictionaryWindow.cpp
FAILED: src/CMakeFiles/PrabhupadaDictionary.dir/QPrabhupadaDictionaryWindow.cpp.obj 
C:\mingw64\bin\c++.exe -DBUILD_DATE=\"21/04/2023\" -DQT_NO_WEBKIT -DQT_OPENSSL -DQT_SSL -IC:/CopperSpice/Prg/PrabhupadaDictionary/Release/Build/src -IC:/CopperSpice/Prg/PrabhupadaDictionary/Source/src -isystem C:/CopperSpice/Lib/Release/1.8.0/include -isystem C:/CopperSpice/Lib/Release/1.8.0/include/QtCore -isystem C:/CopperSpice/Lib/Release/1.8.0/include/QtGui -isystem C:/CopperSpice/Lib/Release/1.8.0/include/QtNetwork -isystem C:/CopperSpice/Lib/Release/1.8.0/include/QtOpenGL -isystem C:/CopperSpice/Lib/Release/1.8.0/include/QtScript -isystem C:/CopperSpice/Lib/Release/1.8.0/include/QtSql -isystem C:/CopperSpice/Lib/Release/1.8.0/include/QtSvg -isystem C:/CopperSpice/Lib/Release/1.8.0/include/QtXml -isystem C:/CopperSpice/Lib/Release/1.8.0/include/QtXmlPatterns -isystem C:/CopperSpice/Lib/Release/1.8.0/include/QtMultimedia -O3 -DNDEBUG -Werror -Wall -Wextra -Wpedantic -std=gnu++17 -MD -MT src/CMakeFiles/PrabhupadaDictionary.dir/QPrabhupadaDictionaryWindow.cpp.obj -MF src\CMakeFiles\PrabhupadaDictionary.dir\QPrabhupadaDictionaryWindow.cpp.obj.d -o src/CMakeFiles/PrabhupadaDictionary.dir/QPrabhupadaDictionaryWindow.cpp.obj -c C:/CopperSpice/Prg/PrabhupadaDictionary/Source/src/QPrabhupadaDictionaryWindow.cpp
C:/CopperSpice/Prg/PrabhupadaDictionary/Source/src/QPrabhupadaDictionaryWindow.cpp: In member function 'virtual void QPrabhupadaDictionaryWindow::closeEvent(QCloseEvent*)':
C:/CopperSpice/Prg/PrabhupadaDictionary/Source/src/QPrabhupadaDictionaryWindow.cpp:242:24: error: 'class QPrabhupadaStorage' has no member named 'SaveYazykVectorToFile'
  242 |   m_PrabhupadaStorage->SaveYazykVectorToFile();
      |                        ^~~~~~~~~~~~~~~~~~~~~
[14/20] C:\mingw64\bin\c++.exe -DBUILD_DATE=\"21/04/2023\" -DQT_NO_WEBKIT -DQT_OPENSSL -DQT_SSL -IC:/CopperSpice/Prg/PrabhupadaDictionary/Release/Build/src -IC:/CopperSpice/Prg/PrabhupadaDictionary/Source/src -isystem C:/CopperSpice/Lib/Release/1.8.0/include -isystem C:/CopperSpice/Lib/Release/1.8.0/include/QtCore -isystem C:/CopperSpice/Lib/Release/1.8.0/include/QtGui -isystem C:/CopperSpice/Lib/Release/1.8.0/include/QtNetwork -isystem C:/CopperSpice/Lib/Release/1.8.0/include/QtOpenGL -isystem C:/CopperSpice/Lib/Release/1.8.0/include/QtScript -isystem C:/CopperSpice/Lib/Release/1.8.0/include/QtSql -isystem C:/CopperSpice/Lib/Release/1.8.0/include/QtSvg -isystem C:/CopperSpice/Lib/Release/1.8.0/include/QtXml -isystem C:/CopperSpice/Lib/Release/1.8.0/include/QtXmlPatterns -isystem C:/CopperSpice/Lib/Release/1.8.0/include/QtMultimedia -O3 -DNDEBUG -Werror -Wall -Wextra -Wpedantic -std=gnu++17 -MD -MT src/CMakeFiles/PrabhupadaDictionary.dir/QPrabhupadaStorage.cpp.obj -MF src\CMakeFiles\PrabhupadaDictionary.dir\QPrabhupadaStorage.cpp.obj.d -o src/CMakeFiles/PrabhupadaDictionary.dir/QPrabhupadaStorage.cpp.obj -c C:/CopperSpice/Prg/PrabhupadaDictionary/Source/src/QPrabhupadaStorage.cpp
[15/20] C:\mingw64\bin\c++.exe -DBUILD_DATE=\"21/04/2023\" -DQT_NO_WEBKIT -DQT_OPENSSL -DQT_SSL -IC:/CopperSpice/Prg/PrabhupadaDictionary/Release/Build/src -IC:/CopperSpice/Prg/PrabhupadaDictionary/Source/src -isystem C:/CopperSpice/Lib/Release/1.8.0/include -isystem C:/CopperSpice/Lib/Release/1.8.0/include/QtCore -isystem C:/CopperSpice/Lib/Release/1.8.0/include/QtGui -isystem C:/CopperSpice/Lib/Release/1.8.0/include/QtNetwork -isystem C:/CopperSpice/Lib/Release/1.8.0/include/QtOpenGL -isystem C:/CopperSpice/Lib/Release/1.8.0/include/QtScript -isystem C:/CopperSpice/Lib/Release/1.8.0/include/QtSql -isystem C:/CopperSpice/Lib/Release/1.8.0/include/QtSvg -isystem C:/CopperSpice/Lib/Release/1.8.0/include/QtXml -isystem C:/CopperSpice/Lib/Release/1.8.0/include/QtXmlPatterns -isystem C:/CopperSpice/Lib/Release/1.8.0/include/QtMultimedia -O3 -DNDEBUG -Werror -Wall -Wextra -Wpedantic -std=gnu++17 -MD -MT src/CMakeFiles/PrabhupadaDictionary.dir/QPrabhupadaAboutWindow.cpp.obj -MF src\CMakeFiles\PrabhupadaDictionary.dir\QPrabhupadaAboutWindow.cpp.obj.d -o src/CMakeFiles/PrabhupadaDictionary.dir/QPrabhupadaAboutWindow.cpp.obj -c C:/CopperSpice/Prg/PrabhupadaDictionary/Source/src/QPrabhupadaAboutWindow.cpp
[16/20] C:\mingw64\bin\c++.exe -DBUILD_DATE=\"21/04/2023\" -DQT_NO_WEBKIT -DQT_OPENSSL -DQT_SSL -IC:/CopperSpice/Prg/PrabhupadaDictionary/Release/Build/src -IC:/CopperSpice/Prg/PrabhupadaDictionary/Source/src -isystem C:/CopperSpice/Lib/Release/1.8.0/include -isystem C:/CopperSpice/Lib/Release/1.8.0/include/QtCore -isystem C:/CopperSpice/Lib/Release/1.8.0/include/QtGui -isystem C:/CopperSpice/Lib/Release/1.8.0/include/QtNetwork -isystem C:/CopperSpice/Lib/Release/1.8.0/include/QtOpenGL -isystem C:/CopperSpice/Lib/Release/1.8.0/include/QtScript -isystem C:/CopperSpice/Lib/Release/1.8.0/include/QtSql -isystem C:/CopperSpice/Lib/Release/1.8.0/include/QtSvg -isystem C:/CopperSpice/Lib/Release/1.8.0/include/QtXml -isystem C:/CopperSpice/Lib/Release/1.8.0/include/QtXmlPatterns -isystem C:/CopperSpice/Lib/Release/1.8.0/include/QtMultimedia -O3 -DNDEBUG -Werror -Wall -Wextra -Wpedantic -std=gnu++17 -MD -MT src/CMakeFiles/PrabhupadaDictionary.dir/QPrabhupadaGoToLineWindow.cpp.obj -MF src\CMakeFiles\PrabhupadaDictionary.dir\QPrabhupadaGoToLineWindow.cpp.obj.d -o src/CMakeFiles/PrabhupadaDictionary.dir/QPrabhupadaGoToLineWindow.cpp.obj -c C:/CopperSpice/Prg/PrabhupadaDictionary/Source/src/QPrabhupadaGoToLineWindow.cpp
[17/20] C:\mingw64\bin\c++.exe -DBUILD_DATE=\"21/04/2023\" -DQT_NO_WEBKIT -DQT_OPENSSL -DQT_SSL -IC:/CopperSpice/Prg/PrabhupadaDictionary/Release/Build/src -IC:/CopperSpice/Prg/PrabhupadaDictionary/Source/src -isystem C:/CopperSpice/Lib/Release/1.8.0/include -isystem C:/CopperSpice/Lib/Release/1.8.0/include/QtCore -isystem C:/CopperSpice/Lib/Release/1.8.0/include/QtGui -isystem C:/CopperSpice/Lib/Release/1.8.0/include/QtNetwork -isystem C:/CopperSpice/Lib/Release/1.8.0/include/QtOpenGL -isystem C:/CopperSpice/Lib/Release/1.8.0/include/QtScript -isystem C:/CopperSpice/Lib/Release/1.8.0/include/QtSql -isystem C:/CopperSpice/Lib/Release/1.8.0/include/QtSvg -isystem C:/CopperSpice/Lib/Release/1.8.0/include/QtXml -isystem C:/CopperSpice/Lib/Release/1.8.0/include/QtXmlPatterns -isystem C:/CopperSpice/Lib/Release/1.8.0/include/QtMultimedia -O3 -DNDEBUG -Werror -Wall -Wextra -Wpedantic -std=gnu++17 -MD -MT src/CMakeFiles/PrabhupadaDictionary.dir/PrabhupadaMain.cpp.obj -MF src\CMakeFiles\PrabhupadaDictionary.dir\PrabhupadaMain.cpp.obj.d -o src/CMakeFiles/PrabhupadaDictionary.dir/PrabhupadaMain.cpp.obj -c C:/CopperSpice/Prg/PrabhupadaDictionary/Source/src/PrabhupadaMain.cpp
[18/20] C:\mingw64\bin\c++.exe -DBUILD_DATE=\"21/04/2023\" -DQT_NO_WEBKIT -DQT_OPENSSL -DQT_SSL -IC:/CopperSpice/Prg/PrabhupadaDictionary/Release/Build/src -IC:/CopperSpice/Prg/PrabhupadaDictionary/Source/src -isystem C:/CopperSpice/Lib/Release/1.8.0/include -isystem C:/CopperSpice/Lib/Release/1.8.0/include/QtCore -isystem C:/CopperSpice/Lib/Release/1.8.0/include/QtGui -isystem C:/CopperSpice/Lib/Release/1.8.0/include/QtNetwork -isystem C:/CopperSpice/Lib/Release/1.8.0/include/QtOpenGL -isystem C:/CopperSpice/Lib/Release/1.8.0/include/QtScript -isystem C:/CopperSpice/Lib/Release/1.8.0/include/QtSql -isystem C:/CopperSpice/Lib/Release/1.8.0/include/QtSvg -isystem C:/CopperSpice/Lib/Release/1.8.0/include/QtXml -isystem C:/CopperSpice/Lib/Release/1.8.0/include/QtXmlPatterns -isystem C:/CopperSpice/Lib/Release/1.8.0/include/QtMultimedia -O3 -DNDEBUG -Werror -Wall -Wextra -Wpedantic -std=gnu++17 -MD -MT src/CMakeFiles/PrabhupadaDictionary.dir/QPrabhupadaLoginWindow.cpp.obj -MF src\CMakeFiles\PrabhupadaDictionary.dir\QPrabhupadaLoginWindow.cpp.obj.d -o src/CMakeFiles/PrabhupadaDictionary.dir/QPrabhupadaLoginWindow.cpp.obj -c C:/CopperSpice/Prg/PrabhupadaDictionary/Source/src/QPrabhupadaLoginWindow.cpp
[19/20] C:\mingw64\bin\c++.exe -DBUILD_DATE=\"21/04/2023\" -DQT_NO_WEBKIT -DQT_OPENSSL -DQT_SSL -IC:/CopperSpice/Prg/PrabhupadaDictionary/Release/Build/src -IC:/CopperSpice/Prg/PrabhupadaDictionary/Source/src -isystem C:/CopperSpice/Lib/Release/1.8.0/include -isystem C:/CopperSpice/Lib/Release/1.8.0/include/QtCore -isystem C:/CopperSpice/Lib/Release/1.8.0/include/QtGui -isystem C:/CopperSpice/Lib/Release/1.8.0/include/QtNetwork -isystem C:/CopperSpice/Lib/Release/1.8.0/include/QtOpenGL -isystem C:/CopperSpice/Lib/Release/1.8.0/include/QtScript -isystem C:/CopperSpice/Lib/Release/1.8.0/include/QtSql -isystem C:/CopperSpice/Lib/Release/1.8.0/include/QtSvg -isystem C:/CopperSpice/Lib/Release/1.8.0/include/QtXml -isystem C:/CopperSpice/Lib/Release/1.8.0/include/QtXmlPatterns -isystem C:/CopperSpice/Lib/Release/1.8.0/include/QtMultimedia -O3 -DNDEBUG -Werror -Wall -Wextra -Wpedantic -std=gnu++17 -MD -MT src/CMakeFiles/PrabhupadaDictionary.dir/QPrabhupadaDictionary.cpp.obj -MF src\CMakeFiles\PrabhupadaDictionary.dir\QPrabhupadaDictionary.cpp.obj.d -o src/CMakeFiles/PrabhupadaDictionary.dir/QPrabhupadaDictionary.cpp.obj -c C:/CopperSpice/Prg/PrabhupadaDictionary/Source/src/QPrabhupadaDictionary.cpp
ninja: build stopped: subcommand failed.

C:\CopperSpice\Prg\PrabhupadaDictionary\Release\Build>cd C:/CopperSpice/Prg/PrabhupadaDictionary/Release/Build 

C:\CopperSpice\Prg\PrabhupadaDictionary\Release\Build>ninja -v install 
[1/3] C:\mingw64\bin\c++.exe -DBUILD_DATE=\"21/04/2023\" -DQT_NO_WEBKIT -DQT_OPENSSL -DQT_SSL -IC:/CopperSpice/Prg/PrabhupadaDictionary/Release/Build/src -IC:/CopperSpice/Prg/PrabhupadaDictionary/Source/src -isystem C:/CopperSpice/Lib/Release/1.8.0/include -isystem C:/CopperSpice/Lib/Release/1.8.0/include/QtCore -isystem C:/CopperSpice/Lib/Release/1.8.0/include/QtGui -isystem C:/CopperSpice/Lib/Release/1.8.0/include/QtNetwork -isystem C:/CopperSpice/Lib/Release/1.8.0/include/QtOpenGL -isystem C:/CopperSpice/Lib/Release/1.8.0/include/QtScript -isystem C:/CopperSpice/Lib/Release/1.8.0/include/QtSql -isystem C:/CopperSpice/Lib/Release/1.8.0/include/QtSvg -isystem C:/CopperSpice/Lib/Release/1.8.0/include/QtXml -isystem C:/CopperSpice/Lib/Release/1.8.0/include/QtXmlPatterns -isystem C:/CopperSpice/Lib/Release/1.8.0/include/QtMultimedia -O3 -DNDEBUG -Werror -Wall -Wextra -Wpedantic -std=gnu++17 -MD -MT src/CMakeFiles/PrabhupadaDictionary.dir/QPrabhupadaDictionaryWindow.cpp.obj -MF src\CMakeFiles\PrabhupadaDictionary.dir\QPrabhupadaDictionaryWindow.cpp.obj.d -o src/CMakeFiles/PrabhupadaDictionary.dir/QPrabhupadaDictionaryWindow.cpp.obj -c C:/CopperSpice/Prg/PrabhupadaDictionary/Source/src/QPrabhupadaDictionaryWindow.cpp
FAILED: src/CMakeFiles/PrabhupadaDictionary.dir/QPrabhupadaDictionaryWindow.cpp.obj 
C:\mingw64\bin\c++.exe -DBUILD_DATE=\"21/04/2023\" -DQT_NO_WEBKIT -DQT_OPENSSL -DQT_SSL -IC:/CopperSpice/Prg/PrabhupadaDictionary/Release/Build/src -IC:/CopperSpice/Prg/PrabhupadaDictionary/Source/src -isystem C:/CopperSpice/Lib/Release/1.8.0/include -isystem C:/CopperSpice/Lib/Release/1.8.0/include/QtCore -isystem C:/CopperSpice/Lib/Release/1.8.0/include/QtGui -isystem C:/CopperSpice/Lib/Release/1.8.0/include/QtNetwork -isystem C:/CopperSpice/Lib/Release/1.8.0/include/QtOpenGL -isystem C:/CopperSpice/Lib/Release/1.8.0/include/QtScript -isystem C:/CopperSpice/Lib/Release/1.8.0/include/QtSql -isystem C:/CopperSpice/Lib/Release/1.8.0/include/QtSvg -isystem C:/CopperSpice/Lib/Release/1.8.0/include/QtXml -isystem C:/CopperSpice/Lib/Release/1.8.0/include/QtXmlPatterns -isystem C:/CopperSpice/Lib/Release/1.8.0/include/QtMultimedia -O3 -DNDEBUG -Werror -Wall -Wextra -Wpedantic -std=gnu++17 -MD -MT src/CMakeFiles/PrabhupadaDictionary.dir/QPrabhupadaDictionaryWindow.cpp.obj -MF src\CMakeFiles\PrabhupadaDictionary.dir\QPrabhupadaDictionaryWindow.cpp.obj.d -o src/CMakeFiles/PrabhupadaDictionary.dir/QPrabhupadaDictionaryWindow.cpp.obj -c C:/CopperSpice/Prg/PrabhupadaDictionary/Source/src/QPrabhupadaDictionaryWindow.cpp
C:/CopperSpice/Prg/PrabhupadaDictionary/Source/src/QPrabhupadaDictionaryWindow.cpp: In member function 'virtual void QPrabhupadaDictionaryWindow::closeEvent(QCloseEvent*)':
C:/CopperSpice/Prg/PrabhupadaDictionary/Source/src/QPrabhupadaDictionaryWindow.cpp:242:24: error: 'class QPrabhupadaStorage' has no member named 'SaveYazykVectorToFile'
  242 |   m_PrabhupadaStorage->SaveYazykVectorToFile();
      |                        ^~~~~~~~~~~~~~~~~~~~~
ninja: build stopped: subcommand failed.
