
C:\CopperSpice\Prg\PrabhupadaDictionary\Bat>set BUILD_DIR=C:/CopperSpice/Prg/PrabhupadaDictionary/Release/Build 

C:\CopperSpice\Prg\PrabhupadaDictionary\Bat>cd C:/CopperSpice/Prg/PrabhupadaDictionary/Release/Build 

C:\CopperSpice\Prg\PrabhupadaDictionary\Release\Build>cmake -G "Ninja" -DCMAKE_BUILD_TYPE=Release -DCMAKE_INSTALL_PREFIX="C:/CopperSpice/Prg/PrabhupadaDictionary/Release/Bin" -DCMAKE_PREFIX_PATH="C:/CopperSpice/Lib/Release/1.8.0/cmake/CopperSpice" C:/CopperSpice/Prg/PrabhupadaDictionary/Source 
-- The C compiler identification is GNU 7.3.0
-- The CXX compiler identification is GNU 7.3.0
-- Detecting C compiler ABI info
-- Detecting C compiler ABI info - done
-- Check for working C compiler: C:/mingw64/bin/gcc.exe - skipped
-- Detecting C compile features
-- Detecting C compile features - done
-- Detecting CXX compiler ABI info
-- Detecting CXX compiler ABI info - done
-- Check for working CXX compiler: C:/mingw64/bin/c++.exe - skipped
-- Detecting CXX compile features
-- Detecting CXX compile features - done
-- Configuring done
-- Generating done
-- Build files have been written to: C:/CopperSpice/Prg/PrabhupadaDictionary/Release/Build

C:\CopperSpice\Prg\PrabhupadaDictionary\Release\Build>cd C:/CopperSpice/Prg/PrabhupadaDictionary/Release/Build 

C:\CopperSpice\Prg\PrabhupadaDictionary\Release\Build>ninja -v 
[1/20] cmd.exe /C "cd /D C:\CopperSpice\Prg\PrabhupadaDictionary\Release\Build\src && C:\CopperSpice\Lib\Release\1.8.0\bin\uic.exe C:/CopperSpice/Prg/PrabhupadaDictionary/Source/src/../forms/QPrabhupadaLoginWindow.ui -o C:/CopperSpice/Prg/PrabhupadaDictionary/Release/Build/src/ui_QPrabhupadaLoginWindow.h"
[2/20] cmd.exe /C "cd /D C:\CopperSpice\Prg\PrabhupadaDictionary\Release\Build\src && C:\CopperSpice\Lib\Release\1.8.0\bin\uic.exe C:/CopperSpice/Prg/PrabhupadaDictionary/Source/src/../forms/QPrabhupadaGoToLineWindow.ui -o C:/CopperSpice/Prg/PrabhupadaDictionary/Release/Build/src/ui_QPrabhupadaGoToLineWindow.h"
[3/20] cmd.exe /C "cd /D C:\CopperSpice\Prg\PrabhupadaDictionary\Release\Build\src && C:\CopperSpice\Lib\Release\1.8.0\bin\uic.exe C:/CopperSpice/Prg/PrabhupadaDictionary/Source/src/../forms/QPrabhupadaDictionaryWindow.ui -o C:/CopperSpice/Prg/PrabhupadaDictionary/Release/Build/src/ui_QPrabhupadaDictionaryWindow.h"
[4/20] cmd.exe /C "cd /D C:\CopperSpice\Prg\PrabhupadaDictionary\Release\Build\src && C:\CopperSpice\Lib\Release\1.8.0\bin\uic.exe C:/CopperSpice/Prg/PrabhupadaDictionary/Source/src/../forms/QPrabhupadaAboutWindow.ui -o C:/CopperSpice/Prg/PrabhupadaDictionary/Release/Build/src/ui_QPrabhupadaAboutWindow.h"
[5/20] cmd.exe /C "cd /D C:\CopperSpice\Prg\PrabhupadaDictionary\Release\Build\src && C:\CopperSpice\Lib\Release\1.8.0\bin\lrelease.exe C:/CopperSpice/Prg/PrabhupadaDictionary/Source/src/../resources/PrabhupadaDictionary_ES-ES.ts -qm C:/CopperSpice/Prg/PrabhupadaDictionary/Source/src/../resources/PrabhupadaDictionary_ES-ES.qm"
Updating 'C:/CopperSpice/Prg/PrabhupadaDictionary/Source/src/../resources/PrabhupadaDictionary_ES-ES.qm'...
    Generated 63 translation(s) (0 finished and 63 unfinished)
    Ignored 31 untranslated source text(s)
[6/20] cmd.exe /C "cd /D C:\CopperSpice\Prg\PrabhupadaDictionary\Release\Build\src && C:\CopperSpice\Lib\Release\1.8.0\bin\lrelease.exe C:/CopperSpice/Prg/PrabhupadaDictionary/Source/src/../resources/PrabhupadaDictionary_CS-CZ.ts -qm C:/CopperSpice/Prg/PrabhupadaDictionary/Source/src/../resources/PrabhupadaDictionary_CS-CZ.qm"
Updating 'C:/CopperSpice/Prg/PrabhupadaDictionary/Source/src/../resources/PrabhupadaDictionary_CS-CZ.qm'...
    Generated 63 translation(s) (0 finished and 63 unfinished)
    Ignored 31 untranslated source text(s)
[7/20] cmd.exe /C "cd /D C:\CopperSpice\Prg\PrabhupadaDictionary\Release\Build\src && C:\CopperSpice\Lib\Release\1.8.0\bin\lrelease.exe C:/CopperSpice/Prg/PrabhupadaDictionary/Source/src/../resources/PrabhupadaDictionary_EN-US.ts -qm C:/CopperSpice/Prg/PrabhupadaDictionary/Source/src/../resources/PrabhupadaDictionary_EN-US.qm"
Updating 'C:/CopperSpice/Prg/PrabhupadaDictionary/Source/src/../resources/PrabhupadaDictionary_EN-US.qm'...
    Generated 63 translation(s) (0 finished and 63 unfinished)
    Ignored 31 untranslated source text(s)
[8/20] cmd.exe /C "cd /D C:\CopperSpice\Prg\PrabhupadaDictionary\Release\Build\src && C:\CopperSpice\Lib\Release\1.8.0\bin\lrelease.exe C:/CopperSpice/Prg/PrabhupadaDictionary/Source/src/../resources/PrabhupadaDictionary_PT-BR.ts -qm C:/CopperSpice/Prg/PrabhupadaDictionary/Source/src/../resources/PrabhupadaDictionary_PT-BR.qm"
Updating 'C:/CopperSpice/Prg/PrabhupadaDictionary/Source/src/../resources/PrabhupadaDictionary_PT-BR.qm'...
    Generated 63 translation(s) (0 finished and 63 unfinished)
    Ignored 31 untranslated source text(s)
[9/20] cmd.exe /C "cd /D C:\CopperSpice\Prg\PrabhupadaDictionary\Release\Build\src && C:\CopperSpice\Lib\Release\1.8.0\bin\lrelease.exe C:/CopperSpice/Prg/PrabhupadaDictionary/Source/src/../resources/PrabhupadaDictionary_RU-RU.ts -qm C:/CopperSpice/Prg/PrabhupadaDictionary/Source/src/../resources/PrabhupadaDictionary_RU-RU.qm"
Updating 'C:/CopperSpice/Prg/PrabhupadaDictionary/Source/src/../resources/PrabhupadaDictionary_RU-RU.qm'...
    Generated 94 translation(s) (94 finished and 0 unfinished)
[10/20] cmd.exe /C "cd /D C:\CopperSpice\Prg\PrabhupadaDictionary\Release\Build\src && C:\CopperSpice\Lib\Release\1.8.0\bin\rcc.exe C:/CopperSpice/Prg/PrabhupadaDictionary/Source/src/../PrabhupadaDictionary.qrc -o C:/CopperSpice/Prg/PrabhupadaDictionary/Release/Build/src/qrc_PrabhupadaDictionary.cpp -name PrabhupadaDictionary"
[11/20] C:\mingw64\bin\c++.exe -DBUILD_DATE=\"06/04/2023\" -DQT_NO_WEBKIT -DQT_OPENSSL -DQT_SSL -IC:/CopperSpice/Prg/PrabhupadaDictionary/Release/Build/src -IC:/CopperSpice/Prg/PrabhupadaDictionary/Source/src -isystem C:/CopperSpice/Lib/Release/1.8.0/include -isystem C:/CopperSpice/Lib/Release/1.8.0/include/QtCore -isystem C:/CopperSpice/Lib/Release/1.8.0/include/QtGui -isystem C:/CopperSpice/Lib/Release/1.8.0/include/QtNetwork -isystem C:/CopperSpice/Lib/Release/1.8.0/include/QtOpenGL -isystem C:/CopperSpice/Lib/Release/1.8.0/include/QtScript -isystem C:/CopperSpice/Lib/Release/1.8.0/include/QtSql -isystem C:/CopperSpice/Lib/Release/1.8.0/include/QtSvg -isystem C:/CopperSpice/Lib/Release/1.8.0/include/QtXml -isystem C:/CopperSpice/Lib/Release/1.8.0/include/QtXmlPatterns -isystem C:/CopperSpice/Lib/Release/1.8.0/include/QtMultimedia -O3 -DNDEBUG -Werror -Wall -Wextra -Wpedantic -std=gnu++1z -MD -MT src/CMakeFiles/PrabhupadaDictionary.dir/PrabhupadaUtil.cpp.obj -MF src\CMakeFiles\PrabhupadaDictionary.dir\PrabhupadaUtil.cpp.obj.d -o src/CMakeFiles/PrabhupadaDictionary.dir/PrabhupadaUtil.cpp.obj -c C:/CopperSpice/Prg/PrabhupadaDictionary/Source/src/PrabhupadaUtil.cpp
[12/20] C:\mingw64\bin\c++.exe -DBUILD_DATE=\"06/04/2023\" -DQT_NO_WEBKIT -DQT_OPENSSL -DQT_SSL -IC:/CopperSpice/Prg/PrabhupadaDictionary/Release/Build/src -IC:/CopperSpice/Prg/PrabhupadaDictionary/Source/src -isystem C:/CopperSpice/Lib/Release/1.8.0/include -isystem C:/CopperSpice/Lib/Release/1.8.0/include/QtCore -isystem C:/CopperSpice/Lib/Release/1.8.0/include/QtGui -isystem C:/CopperSpice/Lib/Release/1.8.0/include/QtNetwork -isystem C:/CopperSpice/Lib/Release/1.8.0/include/QtOpenGL -isystem C:/CopperSpice/Lib/Release/1.8.0/include/QtScript -isystem C:/CopperSpice/Lib/Release/1.8.0/include/QtSql -isystem C:/CopperSpice/Lib/Release/1.8.0/include/QtSvg -isystem C:/CopperSpice/Lib/Release/1.8.0/include/QtXml -isystem C:/CopperSpice/Lib/Release/1.8.0/include/QtXmlPatterns -isystem C:/CopperSpice/Lib/Release/1.8.0/include/QtMultimedia -O3 -DNDEBUG -Werror -Wall -Wextra -Wpedantic -std=gnu++1z -MD -MT src/CMakeFiles/PrabhupadaDictionary.dir/qrc_PrabhupadaDictionary.cpp.obj -MF src\CMakeFiles\PrabhupadaDictionary.dir\qrc_PrabhupadaDictionary.cpp.obj.d -o src/CMakeFiles/PrabhupadaDictionary.dir/qrc_PrabhupadaDictionary.cpp.obj -c C:/CopperSpice/Prg/PrabhupadaDictionary/Release/Build/src/qrc_PrabhupadaDictionary.cpp
[13/20] C:\mingw64\bin\c++.exe -DBUILD_DATE=\"06/04/2023\" -DQT_NO_WEBKIT -DQT_OPENSSL -DQT_SSL -IC:/CopperSpice/Prg/PrabhupadaDictionary/Release/Build/src -IC:/CopperSpice/Prg/PrabhupadaDictionary/Source/src -isystem C:/CopperSpice/Lib/Release/1.8.0/include -isystem C:/CopperSpice/Lib/Release/1.8.0/include/QtCore -isystem C:/CopperSpice/Lib/Release/1.8.0/include/QtGui -isystem C:/CopperSpice/Lib/Release/1.8.0/include/QtNetwork -isystem C:/CopperSpice/Lib/Release/1.8.0/include/QtOpenGL -isystem C:/CopperSpice/Lib/Release/1.8.0/include/QtScript -isystem C:/CopperSpice/Lib/Release/1.8.0/include/QtSql -isystem C:/CopperSpice/Lib/Release/1.8.0/include/QtSvg -isystem C:/CopperSpice/Lib/Release/1.8.0/include/QtXml -isystem C:/CopperSpice/Lib/Release/1.8.0/include/QtXmlPatterns -isystem C:/CopperSpice/Lib/Release/1.8.0/include/QtMultimedia -O3 -DNDEBUG -Werror -Wall -Wextra -Wpedantic -std=gnu++1z -MD -MT src/CMakeFiles/PrabhupadaDictionary.dir/QPrabhupadaGoToLineWindow.cpp.obj -MF src\CMakeFiles\PrabhupadaDictionary.dir\QPrabhupadaGoToLineWindow.cpp.obj.d -o src/CMakeFiles/PrabhupadaDictionary.dir/QPrabhupadaGoToLineWindow.cpp.obj -c C:/CopperSpice/Prg/PrabhupadaDictionary/Source/src/QPrabhupadaGoToLineWindow.cpp
[14/20] C:\mingw64\bin\c++.exe -DBUILD_DATE=\"06/04/2023\" -DQT_NO_WEBKIT -DQT_OPENSSL -DQT_SSL -IC:/CopperSpice/Prg/PrabhupadaDictionary/Release/Build/src -IC:/CopperSpice/Prg/PrabhupadaDictionary/Source/src -isystem C:/CopperSpice/Lib/Release/1.8.0/include -isystem C:/CopperSpice/Lib/Release/1.8.0/include/QtCore -isystem C:/CopperSpice/Lib/Release/1.8.0/include/QtGui -isystem C:/CopperSpice/Lib/Release/1.8.0/include/QtNetwork -isystem C:/CopperSpice/Lib/Release/1.8.0/include/QtOpenGL -isystem C:/CopperSpice/Lib/Release/1.8.0/include/QtScript -isystem C:/CopperSpice/Lib/Release/1.8.0/include/QtSql -isystem C:/CopperSpice/Lib/Release/1.8.0/include/QtSvg -isystem C:/CopperSpice/Lib/Release/1.8.0/include/QtXml -isystem C:/CopperSpice/Lib/Release/1.8.0/include/QtXmlPatterns -isystem C:/CopperSpice/Lib/Release/1.8.0/include/QtMultimedia -O3 -DNDEBUG -Werror -Wall -Wextra -Wpedantic -std=gnu++1z -MD -MT src/CMakeFiles/PrabhupadaDictionary.dir/QPrabhupadaAboutWindow.cpp.obj -MF src\CMakeFiles\PrabhupadaDictionary.dir\QPrabhupadaAboutWindow.cpp.obj.d -o src/CMakeFiles/PrabhupadaDictionary.dir/QPrabhupadaAboutWindow.cpp.obj -c C:/CopperSpice/Prg/PrabhupadaDictionary/Source/src/QPrabhupadaAboutWindow.cpp
[15/20] C:\mingw64\bin\c++.exe -DBUILD_DATE=\"06/04/2023\" -DQT_NO_WEBKIT -DQT_OPENSSL -DQT_SSL -IC:/CopperSpice/Prg/PrabhupadaDictionary/Release/Build/src -IC:/CopperSpice/Prg/PrabhupadaDictionary/Source/src -isystem C:/CopperSpice/Lib/Release/1.8.0/include -isystem C:/CopperSpice/Lib/Release/1.8.0/include/QtCore -isystem C:/CopperSpice/Lib/Release/1.8.0/include/QtGui -isystem C:/CopperSpice/Lib/Release/1.8.0/include/QtNetwork -isystem C:/CopperSpice/Lib/Release/1.8.0/include/QtOpenGL -isystem C:/CopperSpice/Lib/Release/1.8.0/include/QtScript -isystem C:/CopperSpice/Lib/Release/1.8.0/include/QtSql -isystem C:/CopperSpice/Lib/Release/1.8.0/include/QtSvg -isystem C:/CopperSpice/Lib/Release/1.8.0/include/QtXml -isystem C:/CopperSpice/Lib/Release/1.8.0/include/QtXmlPatterns -isystem C:/CopperSpice/Lib/Release/1.8.0/include/QtMultimedia -O3 -DNDEBUG -Werror -Wall -Wextra -Wpedantic -std=gnu++1z -MD -MT src/CMakeFiles/PrabhupadaDictionary.dir/QPrabhupadaDictionary.cpp.obj -MF src\CMakeFiles\PrabhupadaDictionary.dir\QPrabhupadaDictionary.cpp.obj.d -o src/CMakeFiles/PrabhupadaDictionary.dir/QPrabhupadaDictionary.cpp.obj -c C:/CopperSpice/Prg/PrabhupadaDictionary/Source/src/QPrabhupadaDictionary.cpp
[16/20] C:\mingw64\bin\c++.exe -DBUILD_DATE=\"06/04/2023\" -DQT_NO_WEBKIT -DQT_OPENSSL -DQT_SSL -IC:/CopperSpice/Prg/PrabhupadaDictionary/Release/Build/src -IC:/CopperSpice/Prg/PrabhupadaDictionary/Source/src -isystem C:/CopperSpice/Lib/Release/1.8.0/include -isystem C:/CopperSpice/Lib/Release/1.8.0/include/QtCore -isystem C:/CopperSpice/Lib/Release/1.8.0/include/QtGui -isystem C:/CopperSpice/Lib/Release/1.8.0/include/QtNetwork -isystem C:/CopperSpice/Lib/Release/1.8.0/include/QtOpenGL -isystem C:/CopperSpice/Lib/Release/1.8.0/include/QtScript -isystem C:/CopperSpice/Lib/Release/1.8.0/include/QtSql -isystem C:/CopperSpice/Lib/Release/1.8.0/include/QtSvg -isystem C:/CopperSpice/Lib/Release/1.8.0/include/QtXml -isystem C:/CopperSpice/Lib/Release/1.8.0/include/QtXmlPatterns -isystem C:/CopperSpice/Lib/Release/1.8.0/include/QtMultimedia -O3 -DNDEBUG -Werror -Wall -Wextra -Wpedantic -std=gnu++1z -MD -MT src/CMakeFiles/PrabhupadaDictionary.dir/QPrabhupadaStorage.cpp.obj -MF src\CMakeFiles\PrabhupadaDictionary.dir\QPrabhupadaStorage.cpp.obj.d -o src/CMakeFiles/PrabhupadaDictionary.dir/QPrabhupadaStorage.cpp.obj -c C:/CopperSpice/Prg/PrabhupadaDictionary/Source/src/QPrabhupadaStorage.cpp
[17/20] C:\mingw64\bin\c++.exe -DBUILD_DATE=\"06/04/2023\" -DQT_NO_WEBKIT -DQT_OPENSSL -DQT_SSL -IC:/CopperSpice/Prg/PrabhupadaDictionary/Release/Build/src -IC:/CopperSpice/Prg/PrabhupadaDictionary/Source/src -isystem C:/CopperSpice/Lib/Release/1.8.0/include -isystem C:/CopperSpice/Lib/Release/1.8.0/include/QtCore -isystem C:/CopperSpice/Lib/Release/1.8.0/include/QtGui -isystem C:/CopperSpice/Lib/Release/1.8.0/include/QtNetwork -isystem C:/CopperSpice/Lib/Release/1.8.0/include/QtOpenGL -isystem C:/CopperSpice/Lib/Release/1.8.0/include/QtScript -isystem C:/CopperSpice/Lib/Release/1.8.0/include/QtSql -isystem C:/CopperSpice/Lib/Release/1.8.0/include/QtSvg -isystem C:/CopperSpice/Lib/Release/1.8.0/include/QtXml -isystem C:/CopperSpice/Lib/Release/1.8.0/include/QtXmlPatterns -isystem C:/CopperSpice/Lib/Release/1.8.0/include/QtMultimedia -O3 -DNDEBUG -Werror -Wall -Wextra -Wpedantic -std=gnu++1z -MD -MT src/CMakeFiles/PrabhupadaDictionary.dir/PrabhupadaMain.cpp.obj -MF src\CMakeFiles\PrabhupadaDictionary.dir\PrabhupadaMain.cpp.obj.d -o src/CMakeFiles/PrabhupadaDictionary.dir/PrabhupadaMain.cpp.obj -c C:/CopperSpice/Prg/PrabhupadaDictionary/Source/src/PrabhupadaMain.cpp
[18/20] C:\mingw64\bin\c++.exe -DBUILD_DATE=\"06/04/2023\" -DQT_NO_WEBKIT -DQT_OPENSSL -DQT_SSL -IC:/CopperSpice/Prg/PrabhupadaDictionary/Release/Build/src -IC:/CopperSpice/Prg/PrabhupadaDictionary/Source/src -isystem C:/CopperSpice/Lib/Release/1.8.0/include -isystem C:/CopperSpice/Lib/Release/1.8.0/include/QtCore -isystem C:/CopperSpice/Lib/Release/1.8.0/include/QtGui -isystem C:/CopperSpice/Lib/Release/1.8.0/include/QtNetwork -isystem C:/CopperSpice/Lib/Release/1.8.0/include/QtOpenGL -isystem C:/CopperSpice/Lib/Release/1.8.0/include/QtScript -isystem C:/CopperSpice/Lib/Release/1.8.0/include/QtSql -isystem C:/CopperSpice/Lib/Release/1.8.0/include/QtSvg -isystem C:/CopperSpice/Lib/Release/1.8.0/include/QtXml -isystem C:/CopperSpice/Lib/Release/1.8.0/include/QtXmlPatterns -isystem C:/CopperSpice/Lib/Release/1.8.0/include/QtMultimedia -O3 -DNDEBUG -Werror -Wall -Wextra -Wpedantic -std=gnu++1z -MD -MT src/CMakeFiles/PrabhupadaDictionary.dir/QPrabhupadaLoginWindow.cpp.obj -MF src\CMakeFiles\PrabhupadaDictionary.dir\QPrabhupadaLoginWindow.cpp.obj.d -o src/CMakeFiles/PrabhupadaDictionary.dir/QPrabhupadaLoginWindow.cpp.obj -c C:/CopperSpice/Prg/PrabhupadaDictionary/Source/src/QPrabhupadaLoginWindow.cpp
[19/20] C:\mingw64\bin\c++.exe -DBUILD_DATE=\"06/04/2023\" -DQT_NO_WEBKIT -DQT_OPENSSL -DQT_SSL -IC:/CopperSpice/Prg/PrabhupadaDictionary/Release/Build/src -IC:/CopperSpice/Prg/PrabhupadaDictionary/Source/src -isystem C:/CopperSpice/Lib/Release/1.8.0/include -isystem C:/CopperSpice/Lib/Release/1.8.0/include/QtCore -isystem C:/CopperSpice/Lib/Release/1.8.0/include/QtGui -isystem C:/CopperSpice/Lib/Release/1.8.0/include/QtNetwork -isystem C:/CopperSpice/Lib/Release/1.8.0/include/QtOpenGL -isystem C:/CopperSpice/Lib/Release/1.8.0/include/QtScript -isystem C:/CopperSpice/Lib/Release/1.8.0/include/QtSql -isystem C:/CopperSpice/Lib/Release/1.8.0/include/QtSvg -isystem C:/CopperSpice/Lib/Release/1.8.0/include/QtXml -isystem C:/CopperSpice/Lib/Release/1.8.0/include/QtXmlPatterns -isystem C:/CopperSpice/Lib/Release/1.8.0/include/QtMultimedia -O3 -DNDEBUG -Werror -Wall -Wextra -Wpedantic -std=gnu++1z -MD -MT src/CMakeFiles/PrabhupadaDictionary.dir/QPrabhupadaDictionaryWindow.cpp.obj -MF src\CMakeFiles\PrabhupadaDictionary.dir\QPrabhupadaDictionaryWindow.cpp.obj.d -o src/CMakeFiles/PrabhupadaDictionary.dir/QPrabhupadaDictionaryWindow.cpp.obj -c C:/CopperSpice/Prg/PrabhupadaDictionary/Source/src/QPrabhupadaDictionaryWindow.cpp
[20/20] cmd.exe /C "cd . && C:\mingw64\bin\c++.exe -O3 -DNDEBUG -Wl,--no-undefined src/CMakeFiles/PrabhupadaDictionary.dir/PrabhupadaMain.cpp.obj src/CMakeFiles/PrabhupadaDictionary.dir/QPrabhupadaLoginWindow.cpp.obj src/CMakeFiles/PrabhupadaDictionary.dir/QPrabhupadaDictionaryWindow.cpp.obj src/CMakeFiles/PrabhupadaDictionary.dir/PrabhupadaUtil.cpp.obj src/CMakeFiles/PrabhupadaDictionary.dir/QPrabhupadaStorage.cpp.obj src/CMakeFiles/PrabhupadaDictionary.dir/QPrabhupadaDictionary.cpp.obj src/CMakeFiles/PrabhupadaDictionary.dir/QPrabhupadaGoToLineWindow.cpp.obj src/CMakeFiles/PrabhupadaDictionary.dir/QPrabhupadaAboutWindow.cpp.obj src/CMakeFiles/PrabhupadaDictionary.dir/qrc_PrabhupadaDictionary.cpp.obj -o bin\PrabhupadaDictionary.exe -Wl,--out-implib,src\libPrabhupadaDictionary.dll.a -Wl,--major-image-version,0,--minor-image-version,0  C:/CopperSpice/Lib/Release/1.8.0/lib/libCsScript1.8.dll.a  C:/CopperSpice/Lib/Release/1.8.0/lib/libCsSql1.8.dll.a  C:/CopperSpice/Lib/Release/1.8.0/lib/libCsSvg1.8.dll.a  C:/CopperSpice/Lib/Release/1.8.0/lib/libCsXml1.8.dll.a  C:/CopperSpice/Lib/Release/1.8.0/lib/libCsXmlPatterns1.8.dll.a  C:/CopperSpice/Lib/Release/1.8.0/lib/libCsMultimedia1.8.dll.a  -lnetapi32  -lmpr  -mwindows  C:/CopperSpice/Lib/Release/1.8.0/lib/libCsNetwork1.8.dll.a  C:/CopperSpice/Lib/Release/1.8.0/lib/libCsOpenGL1.8.dll.a  C:/CopperSpice/Lib/Release/1.8.0/lib/libCsGui1.8.dll.a  C:/CopperSpice/Lib/Release/1.8.0/lib/libCsCore1.8.dll.a  -lopengl32  -lgdi32  -lkernel32  -luser32  -lkernel32 -luser32 -lgdi32 -lwinspool -lshell32 -lole32 -loleaut32 -luuid -lcomdlg32 -ladvapi32 && cd ."

C:\CopperSpice\Prg\PrabhupadaDictionary\Release\Build>cd C:/CopperSpice/Prg/PrabhupadaDictionary/Release/Build 

C:\CopperSpice\Prg\PrabhupadaDictionary\Release\Build>ninja -v install 
-- Install configuration: "Release"
-- Installing: C:/CopperSpice/Prg/PrabhupadaDictionary/Release/Bin/./libgcc_s_seh-1.dll
-- Installing: C:/CopperSpice/Prg/PrabhupadaDictionary/Release/Bin/./libstdc++-6.dll
-- Installing: C:/CopperSpice/Prg/PrabhupadaDictionary/Release/Bin/./libwinpthread-1.dll
-- Up-to-date: C:/CopperSpice/Prg/PrabhupadaDictionary/Release/Bin/.
-- Installing: C:/CopperSpice/Prg/PrabhupadaDictionary/Release/Bin/./PrabhupadaDictionary.exe
-- Installing: C:/CopperSpice/Prg/PrabhupadaDictionary/Release/Bin/./resources/PrabhupadaDictionaryFiles/ShrilaPrabhupada.jpg
-- Installing: C:/CopperSpice/Prg/PrabhupadaDictionary/Release/Bin/./resources/PrabhupadaDictionaryFiles/Sanskrit.db
-- Installing: C:/CopperSpice/Prg/PrabhupadaDictionary/Release/Bin/./resources/PrabhupadaDictionaryFiles/PrabhupadaLila.txt
-- Installing: C:/CopperSpice/Prg/PrabhupadaDictionary/Release/Bin/./resources/PrabhupadaDictionaryFiles/PrabhupadaBukvary.txt
-- Installing: C:/CopperSpice/Prg/PrabhupadaDictionary/Release/Bin/./resources/PrabhupadaDictionaryFiles/Letter.txt
-- Installing: C:/CopperSpice/Prg/PrabhupadaDictionary/Release/Bin/./resources/PrabhupadaDictionaryFiles/Help.txt
-- Installing: C:/CopperSpice/Prg/PrabhupadaDictionary/Release/Bin/./Start.bat
-- Installing: C:/CopperSpice/Prg/PrabhupadaDictionary/Release/Bin/./resources/PrabhupadaDictionaryFiles/Fonts/gtb.ttf
-- Installing: C:/CopperSpice/Prg/PrabhupadaDictionary/Release/Bin/./resources/PrabhupadaDictionaryFiles/Fonts/gti.ttf
-- Installing: C:/CopperSpice/Prg/PrabhupadaDictionary/Release/Bin/./resources/PrabhupadaDictionaryFiles/Fonts/gtr.ttf
-- Installing: C:/CopperSpice/Prg/PrabhupadaDictionary/Release/Bin/./resources/PrabhupadaDictionaryFiles/PrabhupadaDictionary_CS-CZ.qm
-- Installing: C:/CopperSpice/Prg/PrabhupadaDictionary/Release/Bin/./resources/PrabhupadaDictionaryFiles/PrabhupadaDictionary_EN-US.qm
-- Installing: C:/CopperSpice/Prg/PrabhupadaDictionary/Release/Bin/./resources/PrabhupadaDictionaryFiles/PrabhupadaDictionary_ES-ES.qm
-- Installing: C:/CopperSpice/Prg/PrabhupadaDictionary/Release/Bin/./resources/PrabhupadaDictionaryFiles/PrabhupadaDictionary_PT-BR.qm
-- Installing: C:/CopperSpice/Prg/PrabhupadaDictionary/Release/Bin/./resources/PrabhupadaDictionaryFiles/PrabhupadaDictionary_RU-RU.qm
-- Installing: C:/CopperSpice/Prg/PrabhupadaDictionary/Release/Bin/./libCsCore1.8.dll
-- Installing: C:/CopperSpice/Prg/PrabhupadaDictionary/Release/Bin/./libCsGui1.8.dll
-- Installing: C:/CopperSpice/Prg/PrabhupadaDictionary/Release/Bin/./libCsNetwork1.8.dll
-- Installing: C:/CopperSpice/Prg/PrabhupadaDictionary/Release/Bin/./libCsOpenGL1.8.dll
-- Installing: C:/CopperSpice/Prg/PrabhupadaDictionary/Release/Bin/./libCsScript1.8.dll
-- Installing: C:/CopperSpice/Prg/PrabhupadaDictionary/Release/Bin/./libCsSql1.8.dll
-- Installing: C:/CopperSpice/Prg/PrabhupadaDictionary/Release/Bin/./libCsSvg1.8.dll
-- Installing: C:/CopperSpice/Prg/PrabhupadaDictionary/Release/Bin/./libCsXml1.8.dll
-- Installing: C:/CopperSpice/Prg/PrabhupadaDictionary/Release/Bin/./libCsXmlPatterns1.8.dll
-- Installing: C:/CopperSpice/Prg/PrabhupadaDictionary/Release/Bin/./libCsMultimedia1.8.dll
-- Installing: C:/CopperSpice/Prg/PrabhupadaDictionary/Release/Bin/./platforms/CsGuiWin1.8.dll
-- Installing: C:/CopperSpice/Prg/PrabhupadaDictionary/Release/Bin/./mediaservices/CsMultimedia_DirectShow1.8.dll
-- Installing: C:/CopperSpice/Prg/PrabhupadaDictionary/Release/Bin/./playlistformats/CsMultimedia_m3u1.8.dll
-- Installing: C:/CopperSpice/Prg/PrabhupadaDictionary/Release/Bin/./sqldrivers/CsSqlPsql1.8.dll
-- Installing: C:/CopperSpice/Prg/PrabhupadaDictionary/Release/Bin/./resources/PrabhupadaDictionary.ico
[0/1] cmd.exe /C "cd /D C:\CopperSpice\Prg\PrabhupadaDictionary\Release\Build && C:\CMake\bin\cmake.exe -P cmake_install.cmake"
