
C:\CopperSpice\Prg\PrabhupadaDictionary\Bat>set BUILD_DIR=C:/CopperSpice/Prg/PrabhupadaDictionary/Release/Build 

C:\CopperSpice\Prg\PrabhupadaDictionary\Bat>cd C:/CopperSpice/Prg/PrabhupadaDictionary/Release/Build 

C:\CopperSpice\Prg\PrabhupadaDictionary\Release\Build>cmake -G "Ninja" -DCMAKE_BUILD_TYPE=Release -DCMAKE_INSTALL_PREFIX="C:/CopperSpice/Prg/PrabhupadaDictionary/Release/Bin" -DCMAKE_PREFIX_PATH="C:/CopperSpice/Lib/Release/1.8.0/cmake/CopperSpice" C:/CopperSpice/Prg/PrabhupadaDictionary/Source 
-- The C compiler identification is GNU 12.2.0
-- The CXX compiler identification is GNU 12.2.0
-- Detecting C compiler ABI info
-- Detecting C compiler ABI info - done
-- Check for working C compiler: C:/mingw64/bin/gcc.exe - skipped
-- Detecting C compile features
-- Detecting C compile features - done
-- Detecting CXX compiler ABI info
-- Detecting CXX compiler ABI info - done
-- Check for working CXX compiler: C:/mingw64/bin/c++.exe - skipped
-- Detecting CXX compile features
-- Detecting CXX compile features - done
-- Configuring incomplete, errors occurred!
See also "C:/CopperSpice/Prg/PrabhupadaDictionary/Release/Build/CMakeFiles/CMakeOutput.log".

C:\CopperSpice\Prg\PrabhupadaDictionary\Release\Build>cd C:/CopperSpice/Prg/PrabhupadaDictionary/Release/Build 

C:\CopperSpice\Prg\PrabhupadaDictionary\Release\Build>ninja -v 

C:\CopperSpice\Prg\PrabhupadaDictionary\Release\Build>cd C:/CopperSpice/Prg/PrabhupadaDictionary/Release/Build 

C:\CopperSpice\Prg\PrabhupadaDictionary\Release\Build>ninja -v install 
